Renesas Optimizing Linker (W3.02.00 )             24-Aug-2020 18:52:57

*** Options ***

-MAKEUD=DefaultBuild\Project.lk.ud
-subcommand=DefaultBuild\Project.clnk
-input=DefaultBuild\boot.obj
-input=DefaultBuild\cstart.obj
-input=DefaultBuild\main.obj
-input=DefaultBuild\croutine.obj
-input=DefaultBuild\event_groups.obj
-input=DefaultBuild\list.obj
-input=DefaultBuild\queue.obj
-input=DefaultBuild\tasks.obj
-input=DefaultBuild\timers.obj
-input=DefaultBuild\heap_4.obj
-input=DefaultBuild\port.obj
-input=DefaultBuild\Pin.obj
-input=DefaultBuild\Pin_PBcfg.obj
-input=DefaultBuild\Mcu.obj
-input=DefaultBuild\Uart.obj
-input=DefaultBuild\Test.obj
-input=DefaultBuild\EcuM.obj
-input=DefaultBuild\SchM.obj
-input=DefaultBuild\Clock.obj
-input=DefaultBuild\Det.obj
-input=DefaultBuild\Uart_PBcfg.obj
-input=DefaultBuild\Ucs_PBcfg.obj
-input=DefaultBuild\Ucs.obj
-input=DefaultBuild\DbgIf.obj
-input=DefaultBuild\Taub.obj
-input=DefaultBuild\Interrupts.obj
-input=DefaultBuild\Taub_PBcfg.obj
-debug
-nocompress
-NOOPtimize
-output=DefaultBuild\Project.abs
-library=v850e3v5\rhf8n.lib
-library=v850e3v5\libmalloc.lib
-list=DefaultBuild\Project.map
-start=RESET,EIINTTBL/0,.const,.INIT_DSEC.const,.INIT_BSEC.const,.text,.data/00008000,.data.R,.bss,.stack.bss/FED80000
-rom=.data=.data.R
-memory=high
-nologo
-end

*** Error information ***

*** Mapping List ***

SECTION                            START      END         SIZE   ALIGN
RESET
                                  00000000  000001f7       1f8   200
EIINTTBL
                                  00000200  000005ff       400   200
.const
                                  00008000  000081db       1dc   4
.INIT_DSEC.const
                                  000081dc  000081e7         c   4
.INIT_BSEC.const
                                  000081e8  000081ef         8   4
.text
                                  000081f0  0000bfdf      3df0   2
.data
                                  0000bfe0  0000c883       8a4   4
.data.R
                                  fed80000  fed808a3       8a4   4
.bss
                                  fed808a4  fed85809      4f66   4
.stack.bss
                                  fed8580c  fed85a0b       200   4
