Renesas Optimizing Linker (W3.02.00 )             07-Sep-2020 17:56:04

*** Options ***

-subcommand=DefaultBuild\Project.clnk
-input=DefaultBuild\boot.obj
-input=DefaultBuild\cstart.obj
-input=DefaultBuild\main.obj
-input=DefaultBuild\croutine.obj
-input=DefaultBuild\event_groups.obj
-input=DefaultBuild\list.obj
-input=DefaultBuild\queue.obj
-input=DefaultBuild\tasks.obj
-input=DefaultBuild\timers.obj
-input=DefaultBuild\heap_4.obj
-input=DefaultBuild\port.obj
-input=DefaultBuild\Pin.obj
-input=DefaultBuild\Pin_PBcfg.obj
-input=DefaultBuild\Mcu.obj
-input=DefaultBuild\Uart.obj
-input=DefaultBuild\Test.obj
-input=DefaultBuild\EcuM.obj
-input=DefaultBuild\SchM.obj
-input=DefaultBuild\Clock.obj
-input=DefaultBuild\Det.obj
-input=DefaultBuild\Uart_PBcfg.obj
-input=DefaultBuild\Ucs_PBcfg.obj
-input=DefaultBuild\Ucs.obj
-input=DefaultBuild\DbgIf.obj
-input=DefaultBuild\Taub.obj
-input=DefaultBuild\Interrupts.obj
-input=DefaultBuild\Taub_PBcfg.obj
-input=DefaultBuild\can_table.obj
-input=DefaultBuild\rscan.obj
-input=DefaultBuild\Adc.obj
-input=DefaultBuild\Pwm.obj
-input=DefaultBuild\Pwm_PBcfg.obj
-input=DefaultBuild\Adc_PBcfg.obj
-input=DefaultBuild\Cpu.obj
-input=DefaultBuild\Can.obj
-input=DefaultBuild\Can_PBcfg.obj
-debug
-nocompress
-NOOPtimize
-output=DefaultBuild\Project.abs
-library=v850e3v5\rhf8n.lib
-library=v850e3v5\libmalloc.lib
-list=DefaultBuild\Project.map
-start=RESET,EIINTTBL/0,.const,.INIT_DSEC.const,.INIT_BSEC.const,.text,.data/00008000,.data.R,.bss,.stack.bss/FED80000
-rom=.data=.data.R
-memory=high
-nologo
-end

*** Error information ***

*** Mapping List ***

SECTION                            START      END         SIZE   ALIGN
RESET
                                  00000000  000001f7       1f8   200
EIINTTBL
                                  00000200  000005ff       400   200
.const
                                  00008000  0000852f       530   4
.INIT_DSEC.const
                                  00008530  0000853b         c   4
.INIT_BSEC.const
                                  0000853c  00008543         8   4
.text
                                  00008544  0000f645      7102   2
.data
                                  0000f648  0000ff23       8dc   4
.data.R
                                  fed80000  fed808db       8dc   4
.bss
                                  fed808dc  fed8584f      4f74   4
.stack.bss
                                  fed85850  fed85a4f       200   4
