Renesas Optimizing Linker (W3.02.00 )             28-Aug-2020 18:09:46

*** Options ***

-subcommand=DefaultBuild\Project.clnk
-input=DefaultBuild\boot.obj
-input=DefaultBuild\cstart.obj
-input=DefaultBuild\main.obj
-input=DefaultBuild\croutine.obj
-input=DefaultBuild\event_groups.obj
-input=DefaultBuild\list.obj
-input=DefaultBuild\queue.obj
-input=DefaultBuild\tasks.obj
-input=DefaultBuild\timers.obj
-input=DefaultBuild\heap_4.obj
-input=DefaultBuild\port.obj
-input=DefaultBuild\Pin.obj
-input=DefaultBuild\Pin_PBcfg.obj
-input=DefaultBuild\Mcu.obj
-input=DefaultBuild\Uart.obj
-input=DefaultBuild\Test.obj
-input=DefaultBuild\EcuM.obj
-input=DefaultBuild\SchM.obj
-input=DefaultBuild\Clock.obj
-input=DefaultBuild\Det.obj
-input=DefaultBuild\Uart_PBcfg.obj
-input=DefaultBuild\Ucs_PBcfg.obj
-input=DefaultBuild\Ucs.obj
-input=DefaultBuild\DbgIf.obj
-input=DefaultBuild\Taub.obj
-input=DefaultBuild\Interrupts.obj
-input=DefaultBuild\Taub_PBcfg.obj
-input=DefaultBuild\can_table.obj
-input=DefaultBuild\rscan.obj
-input=DefaultBuild\Adc.obj
-input=DefaultBuild\Pwm.obj
-debug
-nocompress
-NOOPtimize
-output=DefaultBuild\Project.abs
-library=v850e3v5\rhf8n.lib
-library=v850e3v5\libmalloc.lib
-list=DefaultBuild\Project.map
-start=RESET,EIINTTBL/0,.const,.INIT_DSEC.const,.INIT_BSEC.const,.text,.data/00008000,.data.R,.bss,.stack.bss/FED80000
-rom=.data=.data.R
-memory=high
-nologo
-end

*** Error information ***

*** Mapping List ***

SECTION                            START      END         SIZE   ALIGN
RESET
                                  00000000  000001f7       1f8   200
EIINTTBL
                                  00000200  000005ff       400   200
.const
                                  00008000  0000829b       29c   4
.INIT_DSEC.const
                                  0000829c  000082a7         c   4
.INIT_BSEC.const
                                  000082a8  000082af         8   4
.text
                                  000082b0  0000c743      4494   2
.data
                                  0000c744  0000d053       910   4
.data.R
                                  fed80000  fed8090f       910   4
.bss
                                  fed80910  fed8587b      4f6c   4
.stack.bss
                                  fed8587c  fed85a7b       200   4
