Renesas Optimizing Linker (W3.02.00 )             08-Sep-2020 17:12:07

*** Options ***

-subcommand=DefaultBuild\Project.clnk
-input=DefaultBuild\boot.obj
-input=DefaultBuild\cstart.obj
-input=DefaultBuild\main.obj
-input=DefaultBuild\croutine.obj
-input=DefaultBuild\event_groups.obj
-input=DefaultBuild\list.obj
-input=DefaultBuild\queue.obj
-input=DefaultBuild\tasks.obj
-input=DefaultBuild\timers.obj
-input=DefaultBuild\heap_4.obj
-input=DefaultBuild\port.obj
-input=DefaultBuild\Pin.obj
-input=DefaultBuild\Pin_PBcfg.obj
-input=DefaultBuild\Mcu.obj
-input=DefaultBuild\Uart.obj
-input=DefaultBuild\Test.obj
-input=DefaultBuild\EcuM.obj
-input=DefaultBuild\SchM.obj
-input=DefaultBuild\Clock.obj
-input=DefaultBuild\Det.obj
-input=DefaultBuild\Uart_PBcfg.obj
-input=DefaultBuild\Ucs_PBcfg.obj
-input=DefaultBuild\Ucs.obj
-input=DefaultBuild\DbgIf.obj
-input=DefaultBuild\Taub.obj
-input=DefaultBuild\Interrupts.obj
-input=DefaultBuild\Taub_PBcfg.obj
-input=DefaultBuild\Adc.obj
-input=DefaultBuild\Pwm.obj
-input=DefaultBuild\Pwm_PBcfg.obj
-input=DefaultBuild\Adc_PBcfg.obj
-input=DefaultBuild\Cpu.obj
-input=DefaultBuild\Can.obj
-input=DefaultBuild\Can_PBcfg.obj
-input=DefaultBuild\CanSm.obj
-input=DefaultBuild\CanIf_PBcfg.obj
-input=DefaultBuild\CanSm_PBcfg.obj
-input=DefaultBuild\CanTp_PBcfg.obj
-debug
-nocompress
-NOOPtimize
-output=DefaultBuild\Project.abs
-library=v850e3v5\rhf8n.lib
-library=v850e3v5\libmalloc.lib
-list=DefaultBuild\Project.map
-start=RESET,EIINTTBL/0,.const,.INIT_DSEC.const,.INIT_BSEC.const,.text,.data/00008000,.data.R,.bss,.stack.bss/FED80000
-rom=.data=.data.R
-memory=high
-nologo
-end

*** Error information ***

*** Mapping List ***

SECTION                            START      END         SIZE   ALIGN
RESET
                                  00000000  000001f7       1f8   200
EIINTTBL
                                  00000200  000005ff       400   200
.const
                                  00008000  00008473       474   4
.INIT_DSEC.const
                                  00008474  0000847f         c   4
.INIT_BSEC.const
                                  00008480  00008487         8   4
.text
                                  00008488  0000f51b      7094   2
.data
                                  0000f51c  0000fde7       8cc   4
.data.R
                                  fed80000  fed808cb       8cc   4
.bss
                                  fed808cc  fed85847      4f7c   4
.stack.bss
                                  fed85848  fed85a47       200   4
